% Apps: from 0 to l-1
% Tasks: from 0 to n-1
% Mappings: from 0 to q-1
% PBs: from 0 to p-1
%
% app:  app_id(0), root_min_restart_cycles
% task: task_id(0), exec_time_pb(0), sub_taskid_pb(0), payload_pb(0), exec_time_pb(1), sub_taskid_pb(1), payload_pb(1), ... exec_time_pb(p-1), sub_taskid_pb(p-1), payload_pb(p-1)
% task: task_id(1), exec_time_pb(0), sub_taskid_pb(0), payload_pb(0), exec_time_pb(1), sub_taskid_pb(1), payload_pb(1), ... exec_time_pb(p-1), sub_taskid_pb(p-1), payload_pb(p-1)
% ...
% task: task_id(n-1), exec_time_pb(0), sub_taskid_pb(0), payload_pb(0), exec_time_pb(1), sub_taskid_pb(1), payload_pb(1), ... exec_time_pb(p-1), sub_taskid_pb(p-1), payload_pb(p-1)
% map: start(0), stop(0), task_id(0), pe_id, task_id(1), pe_id, ..., task_id(n-1), pe_id
% map: start(1), stop(1), task_id(0), pe_id, task_id(1), pe_id, ..., task_id(n-1), pe_id
% ...
% map: start(q-1), stop(0), task_id(0), pe_id, task_id(1), pe_id, ..., task_id(n-1), pe_id
% ...
% app:  app_id(l-1), root_min_restart_cycles
% task: task_id(0), exec_time_pb(0), sub_taskid_pb(0), payload_pb(0), exec_time_pb(1), sub_taskid_pb(1), payload_pb(1), ... exec_time_pb(p-1), sub_taskid_pb(p-1), payload_pb(p-1)
% task: task_id(1), exec_time_pb(0), sub_taskid_pb(0), payload_pb(0), exec_time_pb(1), sub_taskid_pb(1), payload_pb(1), ... exec_time_pb(p-1), sub_taskid_pb(p-1), payload_pb(p-1)
% ...
% task: task_id(n-1), exec_time_pb(0), sub_taskid_pb(0), payload_pb(0), exec_time_pb(1), sub_taskid_pb(1), payload_pb(1), ... exec_time_pb(p-1), sub_taskid_pb(p-1), payload_pb(p-1)
% map: start(0), stop(0), task_id(0), pe_id, task_id(1), pe_id, ..., task_id(n-1), pe_id
% map: start(1), stop(1), task_id(0), pe_id, task_id(1), pe_id, ..., task_id(n-1), pe_id
% ...
% map: start(q-1), stop(0), task_id(0), pe_id, task_id(1), pe_id, ..., task_id(n-1), pe_id
% sim: scheduler_tick_cycles, scheduler_delay_cycles, map_before_starting_rootask_cycles, mappings_gap_cycles
 
app:  1, 500
task: 1, 150, 2, 20
task: 2, 200, -1, 0
map:  1100, 3000, 1, 0, 2, 0
map:  3100, 5000, 1, 0, 2, 1
map:  5100, 7000, 1, 0, 2, 15

app:  2, 500
task: 1, 150, 2, 20
task: 2, 200, -1, 0
map:  1500, 3400, 1, 0, 2, 0
map:  3500, 5400, 1, 0, 2, 1
map:  5500, 7400, 1, 0, 2, 15

sim: 100, 10, 10, 12
