% Apps: from 0 to l-1
% Tasks: from 0 to n-1
% Mappings: from 0 to q-1
% PBs: from 0 to p-1
%
% app:  app_id(0), root_min_restart_cycles
% task: task_id(0), exec_time_pb(0), sub_taskid_pb(0), payload_pb(0), exec_time_pb(1), sub_taskid_pb(1), payload_pb(1), ... exec_time_pb(p-1), sub_taskid_pb(p-1), payload_pb(p-1)
% task: task_id(1), exec_time_pb(0), sub_taskid_pb(0), payload_pb(0), exec_time_pb(1), sub_taskid_pb(1), payload_pb(1), ... exec_time_pb(p-1), sub_taskid_pb(p-1), payload_pb(p-1)
% ...
% task: task_id(n-1), exec_time_pb(0), sub_taskid_pb(0), payload_pb(0), exec_time_pb(1), sub_taskid_pb(1), payload_pb(1), ... exec_time_pb(p-1), sub_taskid_pb(p-1), payload_pb(p-1)
% map: start(0), stop(0), task_id(0), pe_id, task_id(1), pe_id, ..., task_id(n-1), pe_id
% map: start(1), stop(1), task_id(0), pe_id, task_id(1), pe_id, ..., task_id(n-1), pe_id
% ...
% map: start(q-1), stop(0), task_id(0), pe_id, task_id(1), pe_id, ..., task_id(n-1), pe_id
% ...
% app:  app_id(l-1), root_min_restart_cycles
% task: task_id(0), exec_time_pb(0), sub_taskid_pb(0), payload_pb(0), exec_time_pb(1), sub_taskid_pb(1), payload_pb(1), ... exec_time_pb(p-1), sub_taskid_pb(p-1), payload_pb(p-1)
% task: task_id(1), exec_time_pb(0), sub_taskid_pb(0), payload_pb(0), exec_time_pb(1), sub_taskid_pb(1), payload_pb(1), ... exec_time_pb(p-1), sub_taskid_pb(p-1), payload_pb(p-1)
% ...
% task: task_id(n-1), exec_time_pb(0), sub_taskid_pb(0), payload_pb(0), exec_time_pb(1), sub_taskid_pb(1), payload_pb(1), ... exec_time_pb(p-1), sub_taskid_pb(p-1), payload_pb(p-1)
% map: start(0), stop(0), task_id(0), pe_id, task_id(1), pe_id, ..., task_id(n-1), pe_id
% map: start(1), stop(1), task_id(0), pe_id, task_id(1), pe_id, ..., task_id(n-1), pe_id
% ...
% map: start(q-1), stop(0), task_id(0), pe_id, task_id(1), pe_id, ..., task_id(n-1), pe_id
% sim: scheduler_tick_cycles, scheduler_delay_cycles, map_before_starting_rootask_cycles, mappings_gap_cycles
 
app:  1, 0
task: 1, 50, 2, 15, 30, 3, 16, 40, 4, 25
task: 2, 60, 5, 32
task: 3, 45, 5, 10, 60, 6, 5
task: 4, 50, 6, 8
task: 5, 70, 7, 14
task: 6, 30, 7, 9
task: 7, 50, -1, 0
map:  1100, 2000, 1, 2, 2, 2, 3, 12, 4, 8, 5, 6, 6, 1, 7, 13

sim: 100, 10, 10, 12
